================================================================================
ИССЛЕДОВАНИЕ ЗАКАЗА ЗСНФ-000943
================================================================================


================================================================================
ШАГ 1: Поиск заказа по номеру ЗСНФ-000943
================================================================================

================================================================================
URL: http://mtzw7/unf/odata/standard.odata/Document_%D0%97%D0%B0%D0%BA%D0%B0%D0%B7%D0%9D%D0%B0%D0%9F%D1%80%D0%BE%D0%B8%D0%B7%D0%B2%D0%BE%D0%B4%D1%81%D1%82%D0%B2%D0%BE?%24format=json&%24select=Ref_Key,Number,Date,Posted,DeletionMark,%D0%A1%D0%BE%D1%81%D1%82%D0%BE%D1%8F%D0%BD%D0%B8%D0%B5%D0%97%D0%B0%D0%BA%D0%B0%D0%B7%D0%B0_Key&%24filter=Number%20eq%20%27%D0%97%D0%A1%D0%9D%D0%A4-000943%27
================================================================================

################################################################################
# Шаг 1: Заказ по номеру
################################################################################
Traceback (most recent call last):
  File "C:\Планирование\PRODPLAN\backend\test_order_zsnf-000943.py", line 389, in <module>
    main()
    ~~~~^^
  File "C:\Планирование\PRODPLAN\backend\test_order_zsnf-000943.py", line 122, in main
    print_result("Шаг 1: Заказ по номеру", result)
    ~~~~~~~~~~~~^^^^^^^^^^^^^^^^^^^^^^^^^^^^^^^^^^
  File "C:\Планирование\PRODPLAN\backend\test_order_zsnf-000943.py", line 84, in print_result
    print(f"\u2705 Найдено записей: {len(items)}")
    ~~~~~^^^^^^^^^^^^^^^^^^^^^^^^^^^^^^^^^^^^^
  File "C:\Users\Иван\AppData\Local\Programs\Python\Python313\Lib\encodings\cp1251.py", line 19, in encode
    return codecs.charmap_encode(input,self.errors,encoding_table)[0]
           ~~~~~~~~~~~~~~~~~~~~~^^^^^^^^^^^^^^^^^^^^^^^^^^^^^^^^^^
UnicodeEncodeError: 'charmap' codec can't encode character '\u2705' in position 0: character maps to <undefined>
